[36mvite v7.2.7 [32mbuilding client environment for production...[36m[39m
